// Jest Snapshot v1, https://goo.gl/fbAQLP

exports[`Correctly renders the home and should be stable 1`] = `
<div>
  <div
    class="flex"
  >
    <div>
      <h1>
        GitHub user search
      </h1>
      <p>
        Query the GitHub search API to find users or organizations you're looking for.
      </p>
    </div>
    <form
      class="search-form"
      data-test-id="search-form"
      role="search"
    >
      <label
        class="sr-only"
        for="search"
      >
        Search term
      </label>
      <input
        autocomplete="off"
        id="search"
        minlength="3"
        name="q"
        placeholder="e.g. john, some@email.com"
        required=""
        type="search"
      />
      <button
        type="submit"
      >
        Search
      </button>
    </form>
  </div>
</div>
`;
